timestamp,elapsed_s,running,waiting,cache_pct,preemptions
1772547619.8,0.0,0,0,0.0000,0
1772547624.8,5.0,0,0,0.0000,0
1772547629.8,10.0,0,0,0.0000,0
1772547634.8,15.0,0,0,0.0000,0
1772547639.8,20.0,0,0,0.0000,0
1772547644.9,25.2,0,0,0.0000,0
1772547649.9,30.2,0,0,0.0000,0
1772547654.9,35.2,0,0,0.0000,0
1772547659.9,40.2,0,0,0.0000,0
1772547664.9,45.2,0,0,0.0000,0
1772547669.9,50.2,0,0,0.0000,0
1772547674.9,55.2,0,0,0.0000,0
1772547680.0,60.2,0,0,0.0000,0
1772547685.0,65.3,0,0,0.0000,0
1772547690.0,70.3,0,0,0.0000,0
1772547695.0,75.3,0,0,0.0000,0
1772547700.0,80.3,0,0,0.0000,0
1772547705.0,85.3,0,0,0.0000,0
1772547710.0,90.3,0,0,0.0000,0
1772547715.0,95.3,0,0,0.0000,0
1772547720.0,100.3,0,0,0.0000,0
1772547725.0,105.3,0,0,0.0000,0
1772547730.0,110.3,0,0,0.0000,0
1772547735.0,115.3,0,0,0.0000,0
1772547740.0,120.3,0,0,0.0000,0
1772547745.0,125.3,0,0,0.0000,0
1772547750.0,130.3,0,0,0.0000,0
1772547755.0,135.3,0,0,0.0000,0
1772547760.0,140.3,0,0,0.0000,0
1772547765.0,145.3,0,0,0.0000,0
1772547770.0,150.3,0,0,0.0000,0
1772547775.0,155.3,0,0,0.0000,0
1772547780.0,160.3,0,0,0.0000,0
1772547785.1,165.3,0,0,0.0000,0
1772547790.1,170.3,0,0,0.0000,0
1772547795.1,175.3,0,0,0.0000,0
1772547800.1,180.3,0,0,0.0000,0
1772547805.1,185.4,0,0,0.0000,0
1772547810.1,190.4,0,0,0.0000,0
1772547815.1,195.4,0,0,0.0000,0
1772547820.1,200.4,0,0,0.0000,0
1772547825.1,205.4,0,0,0.0000,0
1772547830.1,210.4,0,0,0.0000,0
1772547835.1,215.4,0,0,0.0000,0
1772547840.1,220.4,0,0,0.0000,0
1772547845.1,225.4,0,0,0.0000,0
1772547850.1,230.4,0,0,0.0000,0
1772547855.1,235.4,0,0,0.0000,0
1772547860.1,240.4,0,0,0.0000,0
1772547865.1,245.4,0,0,0.0000,0
1772547870.1,250.4,0,0,0.0000,0
1772547875.2,255.4,0,0,0.0000,0
1772547880.2,260.4,0,0,0.0000,0
1772547885.2,265.4,0,0,0.0000,0
1772547890.2,270.5,0,0,0.0000,0
1772547895.2,275.5,0,0,0.0000,0
1772547900.2,280.5,0,0,0.0000,0
1772547905.2,285.5,0,0,0.0000,0
1772547910.2,290.5,0,0,0.0000,0
1772547915.2,295.5,0,0,0.0000,0
1772547920.2,300.5,0,0,0.0000,0
1772547925.2,305.5,0,0,0.0000,0
1772547930.2,310.5,0,0,0.0000,0
1772547935.2,315.5,0,0,0.0000,0
1772547940.2,320.5,0,0,0.0000,0
1772547945.2,325.5,0,0,0.0000,0
1772547950.3,330.5,0,0,0.0000,0
1772547955.3,335.5,0,0,0.0000,0
1772547960.3,340.5,0,0,0.0000,0
1772547965.3,345.6,0,0,0.0000,0
1772547970.3,350.6,0,0,0.0000,0
1772547975.3,355.6,0,0,0.0000,0
1772547980.3,360.6,0,0,0.0000,0
1772547985.3,365.6,0,0,0.0000,0
1772547990.3,370.6,0,0,0.0000,0
1772547995.3,375.6,0,0,0.0000,0
1772548000.3,380.6,0,0,0.0000,0
1772548005.3,385.6,0,0,0.0000,0
1772548010.3,390.6,0,0,0.0000,0
1772548015.4,395.6,0,0,0.0000,0
1772548020.4,400.6,0,0,0.0000,0
1772548025.4,405.6,0,0,0.0000,0
1772548030.4,410.6,0,0,0.0000,0
1772548035.4,415.6,0,0,0.0000,0
1772548040.4,420.6,0,0,0.0000,0
1772548045.4,425.6,0,0,0.0000,0
1772548050.4,430.7,0,0,0.0000,0
1772548055.4,435.7,0,0,0.0000,0
1772548060.4,440.7,0,0,0.0000,0
1772548065.4,445.7,0,0,0.0000,0
1772548070.4,450.7,0,0,0.0000,0
1772548075.5,455.7,0,0,0.0000,0
1772548080.5,460.8,0,0,0.0000,0
1772548085.5,465.8,0,0,0.0000,0
1772548090.5,470.8,0,0,0.0000,0
1772548095.5,475.8,0,0,0.0000,0
1772548100.5,480.8,0,0,0.0000,0
1772548105.5,485.8,0,0,0.0000,0
1772548110.6,490.9,0,0,0.0000,0
1772548115.6,495.9,0,0,0.0000,0
1772548120.6,500.9,0,0,0.0000,0
1772548125.6,505.9,0,0,0.0000,0
1772548130.6,510.9,0,0,0.0000,0
1772548135.6,515.9,0,0,0.0000,0
1772548140.6,520.9,0,0,0.0000,0
1772548145.7,525.9,0,0,0.0000,0
1772548150.7,531.0,0,0,0.0000,0
1772548155.7,536.0,0,0,0.0000,0
1772548160.7,541.0,0,0,0.0000,0
1772548165.7,546.0,0,0,0.0000,0
1772548170.7,551.0,0,0,0.0000,0
1772548175.7,556.0,0,0,0.0000,0
1772548180.7,561.0,0,0,0.0000,0
1772548185.7,566.0,0,0,0.0000,0
1772548190.8,571.0,0,0,0.0000,0
1772548195.8,576.0,0,0,0.0000,0
1772548200.8,581.0,0,0,0.0000,0
1772548205.8,586.0,0,0,0.0000,0
1772548210.8,591.0,0,0,0.0000,0
1772548215.8,596.0,0,0,0.0000,0
1772548220.8,601.0,0,0,0.0000,0
1772548225.8,606.0,0,0,0.0000,0
1772548230.8,611.1,0,0,0.0000,0
1772548235.8,616.1,0,0,0.0000,0
1772548240.8,621.1,0,0,0.0000,0
1772548245.8,626.1,0,0,0.0000,0
1772548250.8,631.1,0,0,0.0000,0
1772548255.8,636.1,0,0,0.0000,0
1772548260.8,641.1,0,0,0.0000,0
1772548265.8,646.1,0,0,0.0000,0
1772548270.8,651.1,0,0,0.0000,0
1772548275.8,656.1,0,0,0.0000,0
1772548280.8,661.1,0,0,0.0000,0
1772548285.8,666.1,0,0,0.0000,0
1772548290.8,671.1,0,0,0.0000,0
1772548295.8,676.1,0,0,0.0000,0
1772548300.8,681.1,0,0,0.0000,0
1772548305.8,686.1,0,0,0.0000,0
1772548310.8,691.1,0,0,0.0000,0
1772548315.8,696.1,0,0,0.0000,0
1772548320.8,701.1,0,0,0.0000,0
1772548325.8,706.1,0,0,0.0000,0
1772548330.9,711.1,0,0,0.0000,0
1772548335.9,716.1,0,0,0.0000,0
1772548340.9,721.1,0,0,0.0000,0
1772548345.9,726.1,0,0,0.0000,0
1772548350.9,731.1,0,0,0.0000,0
1772548355.9,736.1,0,0,0.0000,0
1772548360.9,741.1,0,0,0.0000,0
1772548365.9,746.1,0,0,0.0000,0
1772548370.9,751.2,0,0,0.0000,0
1772548375.9,756.2,0,0,0.0000,0
1772548380.9,761.2,0,0,0.0000,0
1772548385.9,766.2,0,0,0.0000,0
1772548390.9,771.2,0,0,0.0000,0
1772548395.9,776.2,0,0,0.0000,0
1772548400.9,781.2,0,0,0.0000,0
1772548405.9,786.2,0,0,0.0000,0
1772548410.9,791.2,0,0,0.0000,0
1772548415.9,796.2,0,0,0.0000,0
1772548420.9,801.2,0,0,0.0000,0
1772548425.9,806.2,0,0,0.0000,0
1772548430.9,811.2,0,0,0.0000,0
1772548435.9,816.2,0,0,0.0000,0
1772548440.9,821.2,0,0,0.0000,0
1772548445.9,826.2,0,0,0.0000,0
1772548450.9,831.2,0,0,0.0000,0
1772548455.9,836.2,0,0,0.0000,0
1772548460.9,841.2,0,0,0.0000,0
1772548465.9,846.2,0,0,0.0000,0
1772548470.9,851.2,0,0,0.0000,0
1772548475.9,856.2,0,0,0.0000,0
1772548480.9,861.2,0,0,0.0000,0
1772548485.9,866.2,0,0,0.0000,0
1772548491.0,871.2,0,0,0.0000,0
1772548496.0,876.2,0,0,0.0000,0
1772548501.0,881.2,0,0,0.0000,0
1772548506.0,886.2,0,0,0.0000,0
1772548511.0,891.2,0,0,0.0000,0
1772548516.0,896.2,0,0,0.0000,0
1772548521.0,901.2,0,0,0.0000,0
1772548526.0,906.2,0,0,0.0000,0
1772548531.0,911.3,0,0,0.0000,0
1772548536.0,916.3,0,0,0.0000,0
1772548541.0,921.3,0,0,0.0000,0
1772548546.0,926.3,0,0,0.0000,0
1772548551.0,931.3,0,0,0.0000,0
1772548556.0,936.3,0,0,0.0000,0
1772548561.0,941.3,0,0,0.0000,0
1772548566.0,946.3,0,0,0.0000,0
1772548571.0,951.3,0,0,0.0000,0
1772548576.0,956.3,0,0,0.0000,0
1772548581.0,961.3,0,0,0.0000,0
1772548586.0,966.3,0,0,0.0000,0
1772548591.0,971.3,0,0,0.0000,0
1772548596.0,976.3,0,0,0.0000,0
1772548601.0,981.3,0,0,0.0000,0
1772548606.1,986.3,0,0,0.0000,0
1772548611.1,991.4,0,0,0.0000,0
1772548616.1,996.4,0,0,0.0000,0
1772548621.1,1001.4,0,0,0.0000,0
1772548626.1,1006.4,0,0,0.0000,0
1772548631.1,1011.4,0,0,0.0000,0
1772548636.1,1016.4,0,0,0.0000,0
1772548641.1,1021.4,0,0,0.0000,0
1772548646.1,1026.4,0,0,0.0000,0
1772548651.1,1031.4,0,0,0.0000,0
1772548656.1,1036.4,0,0,0.0000,0
1772548661.1,1041.4,0,0,0.0000,0
1772548666.1,1046.4,0,0,0.0000,0
1772548671.1,1051.4,0,0,0.0000,0
1772548676.1,1056.4,0,0,0.0000,0
1772548681.1,1061.4,0,0,0.0000,0
1772548686.1,1066.4,0,0,0.0000,0
1772548691.1,1071.4,0,0,0.0000,0
1772548696.1,1076.4,0,0,0.0000,0
1772548701.1,1081.4,0,0,0.0000,0
1772548706.2,1086.4,0,0,0.0000,0
1772548711.2,1091.4,0,0,0.0000,0
1772548716.2,1096.4,0,0,0.0000,0
1772548721.2,1101.4,0,0,0.0000,0
1772548726.2,1106.4,0,0,0.0000,0
1772548731.2,1111.4,0,0,0.0000,0
1772548736.2,1116.4,0,0,0.0000,0
1772548741.2,1121.5,0,0,0.0000,0
1772548746.2,1126.5,0,0,0.0000,0
1772548751.2,1131.5,0,0,0.0000,0
1772548756.2,1136.5,0,0,0.0000,0
1772548761.2,1141.5,0,0,0.0000,0
1772548766.2,1146.5,0,0,0.0000,0
1772548771.2,1151.5,0,0,0.0000,0
1772548776.2,1156.5,0,0,0.0000,0
1772548781.2,1161.5,0,0,0.0000,0
1772548786.2,1166.5,0,0,0.0000,0
1772548791.2,1171.5,0,0,0.0000,0
1772548796.2,1176.5,0,0,0.0000,0
1772548801.2,1181.5,0,0,0.0000,0
1772548806.2,1186.5,0,0,0.0000,0
1772548811.2,1191.5,0,0,0.0000,0
1772548816.2,1196.5,0,0,0.0000,0
1772548821.2,1201.5,0,0,0.0000,0
1772548826.2,1206.5,0,0,0.0000,0
1772548831.2,1211.5,0,0,0.0000,0
1772548836.2,1216.5,0,0,0.0000,0
