Exception ignored in: <function AIMO3Sandbox.__del__ at 0x7a687af4ac00>
Traceback (most recent call last):
  File "/tmp/ipykernel_44/2346268303.py", line 173, in __del__
  File "/tmp/ipykernel_44/2346268303.py", line 145, in close
NameError: name 'contextlib' is not defined
Exception ignored in: <function AIMO3Sandbox.__del__ at 0x7a687af4ac00>
Traceback (most recent call last):
  File "/tmp/ipykernel_44/2346268303.py", line 173, in __del__
  File "/tmp/ipykernel_44/2346268303.py", line 145, in close
NameError: name 'contextlib' is not defined
Exception ignored in: <function AIMO3Sandbox.__del__ at 0x7a687af4ac00>
Traceback (most recent call last):
  File "/tmp/ipykernel_44/2346268303.py", line 173, in __del__
  File "/tmp/ipykernel_44/2346268303.py", line 145, in close
NameError: name 'contextlib' is not defined
Exception ignored in: <function AIMO3Sandbox.__del__ at 0x7a687af4ac00>
Traceback (most recent call last):
  File "/tmp/ipykernel_44/2346268303.py", line 173, in __del__
  File "/tmp/ipykernel_44/2346268303.py", line 145, in close
NameError: name 'contextlib' is not defined
Exception ignored in: <function AIMO3Sandbox.__del__ at 0x7a687af4ac00>
Traceback (most recent call last):
  File "/tmp/ipykernel_44/2346268303.py", line 173, in __del__
  File "/tmp/ipykernel_44/2346268303.py", line 145, in close
NameError: name 'contextlib' is not defined
Exception ignored in: <function AIMO3Sandbox.__del__ at 0x7a687af4ac00>
Traceback (most recent call last):
  File "/tmp/ipykernel_44/2346268303.py", line 173, in __del__
  File "/tmp/ipykernel_44/2346268303.py", line 145, in close
NameError: name 'contextlib' is not defined
Exception ignored in: <function AIMO3Sandbox.__del__ at 0x7a687af4ac00>
Traceback (most recent call last):
  File "/tmp/ipykernel_44/2346268303.py", line 173, in __del__
  File "/tmp/ipykernel_44/2346268303.py", line 145, in close
NameError: name 'contextlib' is not defined
Exception ignored in: <function AIMO3Sandbox.__del__ at 0x7a687af4ac00>
Traceback (most recent call last):
  File "/tmp/ipykernel_44/2346268303.py", line 173, in __del__
  File "/tmp/ipykernel_44/2346268303.py", line 145, in close
NameError: name 'contextlib' is not defined
Exception ignored in: <function AIMO3Sandbox.__del__ at 0x7a687af4ac00>
Traceback (most recent call last):
  File "/tmp/ipykernel_44/2346268303.py", line 173, in __del__
  File "/tmp/ipykernel_44/2346268303.py", line 145, in close
NameError: name 'contextlib' is not defined
Exception ignored in: <function AIMO3Sandbox.__del__ at 0x7a687af4ac00>
Traceback (most recent call last):
  File "/tmp/ipykernel_44/2346268303.py", line 173, in __del__
  File "/tmp/ipykernel_44/2346268303.py", line 145, in close
NameError: name 'contextlib' is not defined
Exception ignored in: <function AIMO3Sandbox.__del__ at 0x7a687af4ac00>
Traceback (most recent call last):
  File "/tmp/ipykernel_44/2346268303.py", line 173, in __del__
  File "/tmp/ipykernel_44/2346268303.py", line 145, in close
NameError: name 'contextlib' is not defined
Exception ignored in: <function AIMO3Sandbox.__del__ at 0x7a687af4ac00>
Traceback (most recent call last):
  File "/tmp/ipykernel_44/2346268303.py", line 173, in __del__
  File "/tmp/ipykernel_44/2346268303.py", line 145, in close
NameError: name 'contextlib' is not defined
Exception ignored in: <function AIMO3Sandbox.__del__ at 0x7a687af4ac00>
Traceback (most recent call last):
  File "/tmp/ipykernel_44/2346268303.py", line 173, in __del__
  File "/tmp/ipykernel_44/2346268303.py", line 145, in close
NameError: name 'contextlib' is not defined
Exception ignored in: <function AIMO3Sandbox.__del__ at 0x7a687af4ac00>
Traceback (most recent call last):
  File "/tmp/ipykernel_44/2346268303.py", line 173, in __del__
  File "/tmp/ipykernel_44/2346268303.py", line 145, in close
NameError: name 'contextlib' is not defined
Exception ignored in: <function AIMO3Sandbox.__del__ at 0x7a687af4ac00>
Traceback (most recent call last):
  File "/tmp/ipykernel_44/2346268303.py", line 173, in __del__
  File "/tmp/ipykernel_44/2346268303.py", line 145, in close
NameError: name 'contextlib' is not defined
Exception ignored in: <function AIMO3Sandbox.__del__ at 0x7a687af4ac00>
Traceback (most recent call last):
  File "/tmp/ipykernel_44/2346268303.py", line 173, in __del__
  File "/tmp/ipykernel_44/2346268303.py", line 145, in close
NameError: name 'contextlib' is not defined
