timestamp,elapsed_s,running,waiting,cache_pct,preemptions
1772543832.9,0.0,0,0,0.0000,0
1772543837.9,5.0,0,0,0.0000,0
1772543842.9,10.0,0,0,0.0000,0
1772543847.9,15.0,0,0,0.0000,0
1772543852.9,20.0,0,0,0.0000,0
1772543857.9,25.1,0,0,0.0000,0
1772543862.9,30.1,0,0,0.0000,0
1772543867.9,35.1,0,0,0.0000,0
1772543872.9,40.1,0,0,0.0000,0
1772543877.9,45.1,0,0,0.0000,0
1772543882.9,50.1,0,0,0.0000,0
1772543887.9,55.1,0,0,0.0000,0
1772543892.9,60.1,0,0,0.0000,0
1772543898.0,65.1,0,0,0.0000,0
1772543903.0,70.1,0,0,0.0000,0
1772543908.0,75.1,0,0,0.0000,0
1772543913.0,80.1,0,0,0.0000,0
1772543918.0,85.1,0,0,0.0000,0
1772543923.0,90.1,0,0,0.0000,0
1772543928.0,95.1,0,0,0.0000,0
1772543933.0,100.1,0,0,0.0000,0
1772543938.0,105.1,0,0,0.0000,0
1772543943.0,110.1,0,0,0.0000,0
1772543948.0,115.1,0,0,0.0000,0
1772543953.0,120.1,0,0,0.0000,0
1772543958.0,125.2,0,0,0.0000,0
1772543963.1,130.2,0,0,0.0000,0
1772543968.1,135.2,0,0,0.0000,0
1772543973.1,140.2,0,0,0.0000,0
1772543978.1,145.2,0,0,0.0000,0
1772543983.1,150.2,0,0,0.0000,0
1772543988.1,155.3,0,0,0.0000,0
1772543993.2,160.3,0,0,0.0000,0
1772543998.2,165.3,0,0,0.0000,0
1772544003.2,170.3,0,0,0.0000,0
1772544008.2,175.3,0,0,0.0000,0
1772544013.2,180.3,0,0,0.0000,0
1772544018.2,185.3,0,0,0.0000,0
1772544023.2,190.3,0,0,0.0000,0
1772544028.2,195.3,0,0,0.0000,0
1772544033.2,200.3,0,0,0.0000,0
1772544038.2,205.3,0,0,0.0000,0
1772544043.2,210.3,0,0,0.0000,0
1772544048.2,215.3,0,0,0.0000,0
1772544053.2,220.3,0,0,0.0000,0
1772544058.2,225.3,0,0,0.0000,0
1772544063.2,230.4,0,0,0.0000,0
1772544068.2,235.4,0,0,0.0000,0
1772544073.2,240.4,0,0,0.0000,0
1772544078.2,245.4,0,0,0.0000,0
1772544083.3,250.4,0,0,0.0000,0
1772544088.3,255.4,0,0,0.0000,0
1772544093.3,260.4,0,0,0.0000,0
1772544098.3,265.4,0,0,0.0000,0
1772544103.3,270.4,0,0,0.0000,0
1772544108.3,275.4,0,0,0.0000,0
1772544113.3,280.4,0,0,0.0000,0
1772544118.3,285.4,0,0,0.0000,0
1772544123.3,290.4,0,0,0.0000,0
1772544128.3,295.4,0,0,0.0000,0
1772544133.3,300.5,0,0,0.0000,0
1772544138.3,305.5,0,0,0.0000,0
1772544143.3,310.5,0,0,0.0000,0
1772544148.3,315.5,0,0,0.0000,0
1772544153.3,320.5,0,0,0.0000,0
1772544158.3,325.5,0,0,0.0000,0
1772544163.3,330.5,0,0,0.0000,0
1772544168.3,335.5,0,0,0.0000,0
1772544173.4,340.5,0,0,0.0000,0
1772544178.4,345.5,0,0,0.0000,0
1772544183.4,350.5,0,0,0.0000,0
1772544188.4,355.5,0,0,0.0000,0
1772544193.4,360.5,0,0,0.0000,0
1772544198.4,365.5,0,0,0.0000,0
1772544203.4,370.5,0,0,0.0000,0
1772544208.4,375.5,0,0,0.0000,0
1772544213.4,380.5,0,0,0.0000,0
1772544218.4,385.5,0,0,0.0000,0
1772544223.4,390.5,0,0,0.0000,0
1772544228.4,395.5,0,0,0.0000,0
1772544233.4,400.5,0,0,0.0000,0
1772544238.4,405.5,0,0,0.0000,0
1772544243.4,410.5,0,0,0.0000,0
1772544248.4,415.6,0,0,0.0000,0
1772544253.4,420.6,0,0,0.0000,0
1772544258.4,425.6,0,0,0.0000,0
1772544263.5,430.6,0,0,0.0000,0
1772544268.5,435.6,0,0,0.0000,0
1772544273.5,440.6,0,0,0.0000,0
1772544278.5,445.6,0,0,0.0000,0
1772544283.5,450.6,0,0,0.0000,0
1772544288.5,455.6,0,0,0.0000,0
1772544293.5,460.7,0,0,0.0000,0
1772544298.6,465.7,0,0,0.0000,0
1772544303.6,470.7,0,0,0.0000,0
1772544308.6,475.7,0,0,0.0000,0
1772544313.7,480.8,0,0,0.0000,0
1772544318.7,485.8,0,0,0.0000,0
1772544323.7,490.8,0,0,0.0000,0
1772544328.7,495.8,0,0,0.0000,0
1772544333.7,500.8,0,0,0.0000,0
1772544338.7,505.8,0,0,0.0000,0
1772544343.7,510.9,0,0,0.0000,0
1772544348.7,515.9,0,0,0.0000,0
1772544353.7,520.9,0,0,0.0000,0
1772544358.8,525.9,0,0,0.0000,0
1772544363.8,530.9,0,0,0.0000,0
1772544368.8,535.9,0,0,0.0000,0
1772544373.8,540.9,0,0,0.0000,0
1772544378.8,545.9,0,0,0.0000,0
1772544383.8,551.0,0,0,0.0000,0
1772544388.8,556.0,0,0,0.0000,0
1772544393.8,561.0,0,0,0.0000,0
1772544398.8,566.0,0,0,0.0000,0
1772544403.9,571.0,0,0,0.0000,0
1772544408.9,576.0,0,0,0.0000,0
1772544413.9,581.0,0,0,0.0000,0
1772544418.9,586.0,0,0,0.0000,0
1772544423.9,591.1,0,0,0.0000,0
1772544428.9,596.1,0,0,0.0000,0
1772544434.0,601.1,0,0,0.0000,0
1772544439.2,606.3,0,0,0.0000,0
1772544444.3,611.4,0,0,0.0000,0
1772544449.4,616.5,0,0,0.0000,0
1772544454.4,621.5,0,0,0.0000,0
1772544459.4,626.5,0,0,0.0000,0
1772544464.4,631.6,0,0,0.0000,0
1772544469.4,636.6,0,0,0.0000,0
1772544474.4,641.6,0,0,0.0000,0
1772544479.4,646.6,0,0,0.0000,0
1772544484.5,651.6,0,0,0.0000,0
1772544489.5,656.6,0,0,0.0000,0
1772544494.5,661.6,0,0,0.0000,0
1772544499.5,666.6,0,0,0.0000,0
1772544504.5,671.7,0,0,0.0000,0
1772544509.5,676.7,0,0,0.0000,0
1772544514.5,681.7,0,0,0.0000,0
1772544519.5,686.7,0,0,0.0000,0
1772544524.5,691.7,0,0,0.0000,0
1772544529.6,696.7,0,0,0.0000,0
1772544534.6,701.7,0,0,0.0000,0
1772544539.6,706.7,0,0,0.0000,0
1772544544.6,711.7,0,0,0.0000,0
1772544549.6,716.7,0,0,0.0000,0
1772544554.6,721.7,0,0,0.0000,0
1772544559.6,726.7,0,0,0.0000,0
1772544564.6,731.7,0,0,0.0000,0
1772544569.6,736.7,0,0,0.0000,0
1772544574.6,741.8,0,0,0.0000,0
1772544579.6,746.8,0,0,0.0000,0
1772544584.6,751.8,0,0,0.0000,0
1772544589.6,756.8,0,0,0.0000,0
1772544594.6,761.8,0,0,0.0000,0
1772544599.6,766.8,0,0,0.0000,0
1772544604.6,771.8,0,0,0.0000,0
1772544609.7,776.8,0,0,0.0000,0
1772544614.7,781.8,0,0,0.0000,0
1772544619.7,786.8,0,0,0.0000,0
1772544624.7,791.8,0,0,0.0000,0
1772544629.7,796.8,0,0,0.0000,0
1772544634.7,801.8,0,0,0.0000,0
1772544639.7,806.8,0,0,0.0000,0
1772544644.7,811.8,0,0,0.0000,0
1772544649.7,816.8,0,0,0.0000,0
1772544654.7,821.8,0,0,0.0000,0
1772544659.7,826.8,0,0,0.0000,0
1772544664.7,831.8,0,0,0.0000,0
1772544669.7,836.8,0,0,0.0000,0
1772544674.7,841.8,0,0,0.0000,0
1772544679.7,846.8,0,0,0.0000,0
1772544684.7,851.8,0,0,0.0000,0
1772544689.7,856.8,0,0,0.0000,0
1772544694.7,861.8,0,0,0.0000,0
1772544699.7,866.9,0,0,0.0000,0
1772544704.7,871.9,0,0,0.0000,0
1772544709.7,876.9,0,0,0.0000,0
1772544714.7,881.9,0,0,0.0000,0
1772544719.7,886.9,0,0,0.0000,0
1772544724.7,891.9,0,0,0.0000,0
1772544729.7,896.9,0,0,0.0000,0
1772544734.7,901.9,0,0,0.0000,0
1772544739.8,906.9,0,0,0.0000,0
1772544744.8,911.9,0,0,0.0000,0
1772544749.8,916.9,0,0,0.0000,0
1772544754.8,921.9,0,0,0.0000,0
1772544759.8,926.9,0,0,0.0000,0
1772544764.8,931.9,0,0,0.0000,0
1772544769.8,936.9,0,0,0.0000,0
1772544774.8,941.9,0,0,0.0000,0
1772544779.8,946.9,0,0,0.0000,0
1772544784.8,951.9,0,0,0.0000,0
1772544789.9,957.0,0,0,0.0000,0
1772544794.9,962.0,0,0,0.0000,0
1772544799.9,967.0,0,0,0.0000,0
1772544804.9,972.0,0,0,0.0000,0
1772544809.9,977.0,0,0,0.0000,0
1772544814.9,982.0,0,0,0.0000,0
1772544819.9,987.0,0,0,0.0000,0
1772544824.9,992.0,0,0,0.0000,0
1772544829.9,997.0,0,0,0.0000,0
1772544834.9,1002.0,0,0,0.0000,0
1772544839.9,1007.0,0,0,0.0000,0
1772544844.9,1012.0,0,0,0.0000,0
1772544849.9,1017.0,0,0,0.0000,0
1772544854.9,1022.0,0,0,0.0000,0
1772544859.9,1027.1,0,0,0.0000,0
1772544864.9,1032.1,0,0,0.0000,0
1772544869.9,1037.1,0,0,0.0000,0
1772544875.0,1042.1,0,0,0.0000,0
1772544880.0,1047.1,0,0,0.0000,0
1772544885.0,1052.1,0,0,0.0000,0
1772544890.0,1057.1,0,0,0.0000,0
1772544895.0,1062.1,0,0,0.0000,0
1772544900.0,1067.1,0,0,0.0000,0
1772544905.0,1072.1,0,0,0.0000,0
1772544910.0,1077.1,0,0,0.0000,0
1772544915.0,1082.1,0,0,0.0000,0
1772544920.0,1087.1,0,0,0.0000,0
1772544925.0,1092.1,0,0,0.0000,0
1772544930.0,1097.1,0,0,0.0000,0
1772544935.0,1102.1,0,0,0.0000,0
1772544940.0,1107.1,0,0,0.0000,0
1772544945.0,1112.1,0,0,0.0000,0
1772544950.0,1117.1,0,0,0.0000,0
1772544955.0,1122.1,0,0,0.0000,0
1772544960.0,1127.1,0,0,0.0000,0
1772544965.0,1132.1,0,0,0.0000,0
1772544970.0,1137.1,0,0,0.0000,0
1772544975.0,1142.2,0,0,0.0000,0
1772544980.0,1147.2,0,0,0.0000,0
1772544985.0,1152.2,0,0,0.0000,0
1772544990.0,1157.2,0,0,0.0000,0
1772544995.0,1162.2,0,0,0.0000,0
1772545000.0,1167.2,0,0,0.0000,0
1772545005.0,1172.2,0,0,0.0000,0
1772545010.0,1177.2,0,0,0.0000,0
1772545015.1,1182.2,0,0,0.0000,0
1772545020.1,1187.2,0,0,0.0000,0
1772545025.1,1192.2,0,0,0.0000,0
1772545030.1,1197.3,0,0,0.0000,0
1772545035.1,1202.3,0,0,0.0000,0
1772545040.1,1207.3,0,0,0.0000,0
1772545045.2,1212.3,0,0,0.0000,0
1772545050.2,1217.3,0,0,0.0000,0
1772545055.2,1222.3,0,0,0.0000,0
1772545060.2,1227.3,0,0,0.0000,0
1772545065.2,1232.3,0,0,0.0000,0
1772545070.2,1237.3,0,0,0.0000,0
1772545075.2,1242.3,0,0,0.0000,0
1772545080.2,1247.3,0,0,0.0000,0
1772545085.2,1252.3,0,0,0.0000,0
1772545090.2,1257.3,0,0,0.0000,0
1772545095.2,1262.3,0,0,0.0000,0
1772545100.2,1267.3,0,0,0.0000,0
1772545105.2,1272.3,0,0,0.0000,0
1772545110.2,1277.3,0,0,0.0000,0
1772545115.2,1282.3,0,0,0.0000,0
1772545120.2,1287.3,0,0,0.0000,0
1772545125.2,1292.3,0,0,0.0000,0
1772545130.2,1297.3,0,0,0.0000,0
1772545135.2,1302.4,0,0,0.0000,0
1772545140.2,1307.4,0,0,0.0000,0
1772545145.2,1312.4,0,0,0.0000,0
1772545150.2,1317.4,0,0,0.0000,0
1772545155.2,1322.4,0,0,0.0000,0
1772545160.2,1327.4,0,0,0.0000,0
1772545165.3,1332.4,0,0,0.0000,0
1772545170.3,1337.4,0,0,0.0000,0
1772545175.3,1342.4,0,0,0.0000,0
1772545180.3,1347.4,0,0,0.0000,0
1772545185.3,1352.4,0,0,0.0000,0
1772545190.3,1357.4,0,0,0.0000,0
1772545195.3,1362.4,0,0,0.0000,0
1772545200.3,1367.4,0,0,0.0000,0
1772545205.3,1372.4,0,0,0.0000,0
1772545210.3,1377.4,0,0,0.0000,0
1772545215.3,1382.4,0,0,0.0000,0
1772545220.3,1387.4,0,0,0.0000,0
1772545225.3,1392.4,0,0,0.0000,0
1772545230.3,1397.4,0,0,0.0000,0
1772545235.3,1402.4,0,0,0.0000,0
1772545240.3,1407.5,0,0,0.0000,0
1772545245.3,1412.5,0,0,0.0000,0
1772545250.3,1417.5,0,0,0.0000,0
1772545255.4,1422.5,0,0,0.0000,0
1772545260.4,1427.5,0,0,0.0000,0
1772545265.4,1432.5,0,0,0.0000,0
1772545270.4,1437.5,0,0,0.0000,0
1772545275.4,1442.5,0,0,0.0000,0
1772545280.4,1447.5,0,0,0.0000,0
1772545285.4,1452.5,0,0,0.0000,0
1772545290.4,1457.6,0,0,0.0000,0
1772545295.5,1462.6,0,0,0.0000,0
1772545300.5,1467.6,0,0,0.0000,0
1772545305.5,1472.6,0,0,0.0000,0
1772545310.5,1477.6,0,0,0.0000,0
1772545315.5,1482.6,0,0,0.0000,0
1772545320.5,1487.6,0,0,0.0000,0
1772545325.5,1492.6,0,0,0.0000,0
1772545330.5,1497.6,0,0,0.0000,0
1772545335.5,1502.6,0,0,0.0000,0
1772545340.5,1507.6,0,0,0.0000,0
1772545345.5,1512.7,0,0,0.0000,0
1772545350.5,1517.7,0,0,0.0000,0
1772545355.5,1522.7,0,0,0.0000,0
1772545360.5,1527.7,0,0,0.0000,0
1772545365.5,1532.7,0,0,0.0000,0
1772545370.5,1537.7,0,0,0.0000,0
1772545375.6,1542.7,0,0,0.0000,0
1772545380.6,1547.7,0,0,0.0000,0
1772545385.6,1552.7,0,0,0.0000,0
1772545390.6,1557.7,0,0,0.0000,0
1772545395.6,1562.7,0,0,0.0000,0
1772545400.6,1567.7,0,0,0.0000,0
1772545405.6,1572.7,0,0,0.0000,0
1772545410.6,1577.7,0,0,0.0000,0
1772545415.6,1582.7,0,0,0.0000,0
1772545420.6,1587.7,0,0,0.0000,0
1772545425.6,1592.7,0,0,0.0000,0
1772545430.6,1597.7,0,0,0.0000,0
1772545435.6,1602.7,0,0,0.0000,0
1772545440.6,1607.7,0,0,0.0000,0
1772545445.6,1612.7,0,0,0.0000,0
1772545450.6,1617.7,0,0,0.0000,0
1772545455.6,1622.7,0,0,0.0000,0
1772545460.6,1627.7,0,0,0.0000,0
1772545465.6,1632.7,0,0,0.0000,0
1772545470.6,1637.7,0,0,0.0000,0
1772545475.6,1642.8,0,0,0.0000,0
1772545480.6,1647.8,0,0,0.0000,0
1772545485.7,1652.8,0,0,0.0000,0
1772545490.7,1657.8,0,0,0.0000,0
1772545495.7,1662.8,0,0,0.0000,0
1772545500.7,1667.8,0,0,0.0000,0
1772545505.7,1672.8,0,0,0.0000,0
1772545510.7,1677.8,0,0,0.0000,0
1772545515.7,1682.8,0,0,0.0000,0
1772545520.7,1687.8,0,0,0.0000,0
1772545525.7,1692.8,0,0,0.0000,0
1772545530.7,1697.8,0,0,0.0000,0
1772545535.7,1702.8,0,0,0.0000,0
1772545540.7,1707.8,0,0,0.0000,0
1772545545.7,1712.8,0,0,0.0000,0
1772545550.7,1717.9,0,0,0.0000,0
1772545555.7,1722.9,0,0,0.0000,0
1772545560.7,1727.9,0,0,0.0000,0
1772545565.7,1732.9,0,0,0.0000,0
1772545570.7,1737.9,0,0,0.0000,0
1772545575.7,1742.9,0,0,0.0000,0
1772545580.7,1747.9,0,0,0.0000,0
1772545585.7,1752.9,0,0,0.0000,0
1772545590.7,1757.9,0,0,0.0000,0
1772545595.8,1762.9,0,0,0.0000,0
1772545600.8,1767.9,0,0,0.0000,0
1772545605.8,1772.9,0,0,0.0000,0
1772545610.8,1777.9,0,0,0.0000,0
1772545615.8,1782.9,0,0,0.0000,0
1772545620.8,1787.9,0,0,0.0000,0
1772545625.8,1792.9,0,0,0.0000,0
1772545630.8,1797.9,0,0,0.0000,0
1772545635.8,1802.9,0,0,0.0000,0
1772545640.8,1808.0,0,0,0.0000,0
1772545645.8,1813.0,0,0,0.0000,0
1772545650.8,1818.0,0,0,0.0000,0
1772545655.8,1823.0,0,0,0.0000,0
1772545660.8,1828.0,0,0,0.0000,0
1772545665.9,1833.0,0,0,0.0000,0
1772545670.9,1838.0,0,0,0.0000,0
1772545675.9,1843.0,0,0,0.0000,0
1772545680.9,1848.0,0,0,0.0000,0
1772545685.9,1853.0,0,0,0.0000,0
1772545690.9,1858.0,0,0,0.0000,0
1772545695.9,1863.0,0,0,0.0000,0
1772545700.9,1868.0,0,0,0.0000,0
1772545706.0,1873.1,0,0,0.0000,0
1772545711.0,1878.1,0,0,0.0000,0
1772545716.0,1883.1,0,0,0.0000,0
1772545721.0,1888.1,0,0,0.0000,0
1772545726.0,1893.1,0,0,0.0000,0
1772545731.0,1898.1,0,0,0.0000,0
1772545736.0,1903.1,0,0,0.0000,0
1772545741.0,1908.1,0,0,0.0000,0
1772545746.0,1913.1,0,0,0.0000,0
1772545751.0,1918.1,0,0,0.0000,0
1772545756.0,1923.1,0,0,0.0000,0
1772545761.0,1928.1,0,0,0.0000,0
1772545766.0,1933.1,0,0,0.0000,0
1772545771.0,1938.1,0,0,0.0000,0
1772545776.0,1943.1,0,0,0.0000,0
1772545781.0,1948.2,0,0,0.0000,0
1772545786.0,1953.2,0,0,0.0000,0
1772545791.0,1958.2,0,0,0.0000,0
1772545796.0,1963.2,0,0,0.0000,0
1772545801.1,1968.2,0,0,0.0000,0
1772545806.1,1973.2,0,0,0.0000,0
1772545811.1,1978.2,0,0,0.0000,0
1772545816.1,1983.2,0,0,0.0000,0
1772545821.1,1988.2,0,0,0.0000,0
1772545826.1,1993.2,0,0,0.0000,0
1772545831.1,1998.2,0,0,0.0000,0
1772545836.1,2003.2,0,0,0.0000,0
1772545841.1,2008.2,0,0,0.0000,0
1772545846.1,2013.2,0,0,0.0000,0
1772545851.1,2018.2,0,0,0.0000,0
1772545856.1,2023.3,0,0,0.0000,0
1772545861.1,2028.3,0,0,0.0000,0
1772545866.1,2033.3,0,0,0.0000,0
1772545871.1,2038.3,0,0,0.0000,0
1772545876.1,2043.3,0,0,0.0000,0
1772545881.1,2048.3,0,0,0.0000,0
1772545886.1,2053.3,0,0,0.0000,0
1772545891.2,2058.3,0,0,0.0000,0
1772545896.2,2063.3,0,0,0.0000,0
1772545901.2,2068.3,0,0,0.0000,0
1772545906.2,2073.3,0,0,0.0000,0
1772545911.2,2078.3,0,0,0.0000,0
1772545916.2,2083.3,0,0,0.0000,0
1772545921.2,2088.3,0,0,0.0000,0
1772545926.2,2093.3,0,0,0.0000,0
1772545931.2,2098.4,0,0,0.0000,0
1772545936.2,2103.4,0,0,0.0000,0
1772545941.2,2108.4,0,0,0.0000,0
1772545946.3,2113.4,0,0,0.0000,0
1772545951.3,2118.4,0,0,0.0000,0
1772545956.3,2123.4,0,0,0.0000,0
1772545961.3,2128.4,0,0,0.0000,0
