Exception ignored in: <function AIMO3Sandbox.__del__ at 0x794769657880>
Traceback (most recent call last):
  File "/tmp/ipykernel_44/3906758526.py", line 214, in __del__
  File "/tmp/ipykernel_44/3906758526.py", line 177, in close
NameError: name 'contextlib' is not defined
Exception ignored in: <function AIMO3Sandbox.__del__ at 0x794769657880>
Traceback (most recent call last):
  File "/tmp/ipykernel_44/3906758526.py", line 214, in __del__
  File "/tmp/ipykernel_44/3906758526.py", line 177, in close
NameError: name 'contextlib' is not defined
Exception ignored in: <function AIMO3Sandbox.__del__ at 0x794769657880>
Traceback (most recent call last):
  File "/tmp/ipykernel_44/3906758526.py", line 214, in __del__
  File "/tmp/ipykernel_44/3906758526.py", line 177, in close
NameError: name 'contextlib' is not defined
Exception ignored in: <function AIMO3Sandbox.__del__ at 0x794769657880>
Traceback (most recent call last):
  File "/tmp/ipykernel_44/3906758526.py", line 214, in __del__
  File "/tmp/ipykernel_44/3906758526.py", line 177, in close
NameError: name 'contextlib' is not defined
Exception ignored in: <function AIMO3Sandbox.__del__ at 0x794769657880>
Traceback (most recent call last):
  File "/tmp/ipykernel_44/3906758526.py", line 214, in __del__
  File "/tmp/ipykernel_44/3906758526.py", line 177, in close
NameError: name 'contextlib' is not defined
Exception ignored in: <function AIMO3Sandbox.__del__ at 0x794769657880>
Traceback (most recent call last):
  File "/tmp/ipykernel_44/3906758526.py", line 214, in __del__
  File "/tmp/ipykernel_44/3906758526.py", line 177, in close
NameError: name 'contextlib' is not defined
Exception ignored in: <function AIMO3Sandbox.__del__ at 0x794769657880>
Traceback (most recent call last):
  File "/tmp/ipykernel_44/3906758526.py", line 214, in __del__
  File "/tmp/ipykernel_44/3906758526.py", line 177, in close
NameError: name 'contextlib' is not defined
Exception ignored in: <function AIMO3Sandbox.__del__ at 0x794769657880>
Traceback (most recent call last):
  File "/tmp/ipykernel_44/3906758526.py", line 214, in __del__
  File "/tmp/ipykernel_44/3906758526.py", line 177, in close
NameError: name 'contextlib' is not defined
Exception ignored in: <function AIMO3Sandbox.__del__ at 0x794769657880>
Traceback (most recent call last):
  File "/tmp/ipykernel_44/3906758526.py", line 214, in __del__
  File "/tmp/ipykernel_44/3906758526.py", line 177, in close
NameError: name 'contextlib' is not defined
Exception ignored in: <function AIMO3Sandbox.__del__ at 0x794769657880>
Traceback (most recent call last):
  File "/tmp/ipykernel_44/3906758526.py", line 214, in __del__
  File "/tmp/ipykernel_44/3906758526.py", line 177, in close
NameError: name 'contextlib' is not defined
Exception ignored in: <function AIMO3Sandbox.__del__ at 0x794769657880>
Traceback (most recent call last):
  File "/tmp/ipykernel_44/3906758526.py", line 214, in __del__
  File "/tmp/ipykernel_44/3906758526.py", line 177, in close
NameError: name 'contextlib' is not defined
Exception ignored in: <function AIMO3Sandbox.__del__ at 0x794769657880>
Traceback (most recent call last):
  File "/tmp/ipykernel_44/3906758526.py", line 214, in __del__
  File "/tmp/ipykernel_44/3906758526.py", line 177, in close
NameError: name 'contextlib' is not defined
Exception ignored in: <function AIMO3Sandbox.__del__ at 0x794769657880>
Traceback (most recent call last):
  File "/tmp/ipykernel_44/3906758526.py", line 214, in __del__
  File "/tmp/ipykernel_44/3906758526.py", line 177, in close
NameError: name 'contextlib' is not defined
Exception ignored in: <function AIMO3Sandbox.__del__ at 0x794769657880>
Traceback (most recent call last):
  File "/tmp/ipykernel_44/3906758526.py", line 214, in __del__
  File "/tmp/ipykernel_44/3906758526.py", line 177, in close
NameError: name 'contextlib' is not defined
Exception ignored in: <function AIMO3Sandbox.__del__ at 0x794769657880>
Traceback (most recent call last):
  File "/tmp/ipykernel_44/3906758526.py", line 214, in __del__
  File "/tmp/ipykernel_44/3906758526.py", line 177, in close
NameError: name 'contextlib' is not defined
Exception ignored in: <function AIMO3Sandbox.__del__ at 0x794769657880>
Traceback (most recent call last):
  File "/tmp/ipykernel_44/3906758526.py", line 214, in __del__
  File "/tmp/ipykernel_44/3906758526.py", line 177, in close
NameError: name 'contextlib' is not defined
Exception ignored in: <function AIMO3Sandbox.__del__ at 0x794769657880>
Traceback (most recent call last):
  File "/tmp/ipykernel_44/3906758526.py", line 214, in __del__
  File "/tmp/ipykernel_44/3906758526.py", line 177, in close
NameError: name 'contextlib' is not defined
Exception ignored in: <function AIMO3Sandbox.__del__ at 0x794769657880>
Traceback (most recent call last):
  File "/tmp/ipykernel_44/3906758526.py", line 214, in __del__
  File "/tmp/ipykernel_44/3906758526.py", line 177, in close
NameError: name 'contextlib' is not defined
Exception ignored in: <function AIMO3Sandbox.__del__ at 0x794769657880>
Traceback (most recent call last):
  File "/tmp/ipykernel_44/3906758526.py", line 214, in __del__
  File "/tmp/ipykernel_44/3906758526.py", line 177, in close
NameError: name 'contextlib' is not defined
Exception ignored in: <function AIMO3Sandbox.__del__ at 0x794769657880>
Traceback (most recent call last):
  File "/tmp/ipykernel_44/3906758526.py", line 214, in __del__
  File "/tmp/ipykernel_44/3906758526.py", line 177, in close
NameError: name 'contextlib' is not defined
Exception ignored in: <function AIMO3Sandbox.__del__ at 0x794769657880>
Traceback (most recent call last):
  File "/tmp/ipykernel_44/3906758526.py", line 214, in __del__
  File "/tmp/ipykernel_44/3906758526.py", line 177, in close
NameError: name 'contextlib' is not defined
Exception ignored in: <function AIMO3Sandbox.__del__ at 0x794769657880>
Traceback (most recent call last):
  File "/tmp/ipykernel_44/3906758526.py", line 214, in __del__
  File "/tmp/ipykernel_44/3906758526.py", line 177, in close
NameError: name 'contextlib' is not defined
Exception ignored in: <function AIMO3Sandbox.__del__ at 0x794769657880>
Traceback (most recent call last):
  File "/tmp/ipykernel_44/3906758526.py", line 214, in __del__
  File "/tmp/ipykernel_44/3906758526.py", line 177, in close
NameError: name 'contextlib' is not defined
Exception ignored in: <function AIMO3Sandbox.__del__ at 0x794769657880>
Traceback (most recent call last):
  File "/tmp/ipykernel_44/3906758526.py", line 214, in __del__
  File "/tmp/ipykernel_44/3906758526.py", line 177, in close
NameError: name 'contextlib' is not defined
Exception ignored in: <function AIMO3Sandbox.__del__ at 0x794769657880>
Traceback (most recent call last):
  File "/tmp/ipykernel_44/3906758526.py", line 214, in __del__
  File "/tmp/ipykernel_44/3906758526.py", line 177, in close
NameError: name 'contextlib' is not defined
Exception ignored in: <function AIMO3Sandbox.__del__ at 0x794769657880>
Traceback (most recent call last):
  File "/tmp/ipykernel_44/3906758526.py", line 214, in __del__
  File "/tmp/ipykernel_44/3906758526.py", line 177, in close
NameError: name 'contextlib' is not defined
Exception ignored in: <function AIMO3Sandbox.__del__ at 0x794769657880>
Traceback (most recent call last):
  File "/tmp/ipykernel_44/3906758526.py", line 214, in __del__
  File "/tmp/ipykernel_44/3906758526.py", line 177, in close
NameError: name 'contextlib' is not defined
Exception ignored in: <function AIMO3Sandbox.__del__ at 0x794769657880>
Traceback (most recent call last):
  File "/tmp/ipykernel_44/3906758526.py", line 214, in __del__
  File "/tmp/ipykernel_44/3906758526.py", line 177, in close
NameError: name 'contextlib' is not defined
Exception ignored in: <function AIMO3Sandbox.__del__ at 0x794769657880>
Traceback (most recent call last):
  File "/tmp/ipykernel_44/3906758526.py", line 214, in __del__
  File "/tmp/ipykernel_44/3906758526.py", line 177, in close
NameError: name 'contextlib' is not defined
Exception ignored in: <function AIMO3Sandbox.__del__ at 0x794769657880>
Traceback (most recent call last):
  File "/tmp/ipykernel_44/3906758526.py", line 214, in __del__
  File "/tmp/ipykernel_44/3906758526.py", line 177, in close
NameError: name 'contextlib' is not defined
Exception ignored in: <function AIMO3Sandbox.__del__ at 0x794769657880>
Traceback (most recent call last):
  File "/tmp/ipykernel_44/3906758526.py", line 214, in __del__
  File "/tmp/ipykernel_44/3906758526.py", line 177, in close
NameError: name 'contextlib' is not defined
Exception ignored in: <function AIMO3Sandbox.__del__ at 0x794769657880>
Traceback (most recent call last):
  File "/tmp/ipykernel_44/3906758526.py", line 214, in __del__
  File "/tmp/ipykernel_44/3906758526.py", line 177, in close
NameError: name 'contextlib' is not defined
