Exception ignored in: <function AIMO3Sandbox.__del__ at 0x7c949a777560>
Traceback (most recent call last):
  File "/tmp/ipykernel_44/1582162930.py", line 198, in __del__
  File "/tmp/ipykernel_44/1582162930.py", line 170, in close
NameError: name 'contextlib' is not defined
Exception ignored in: <function AIMO3Sandbox.__del__ at 0x7c949a777560>
Traceback (most recent call last):
  File "/tmp/ipykernel_44/1582162930.py", line 198, in __del__
  File "/tmp/ipykernel_44/1582162930.py", line 170, in close
NameError: name 'contextlib' is not defined
Exception ignored in: <function AIMO3Sandbox.__del__ at 0x7c949a777560>
Traceback (most recent call last):
  File "/tmp/ipykernel_44/1582162930.py", line 198, in __del__
  File "/tmp/ipykernel_44/1582162930.py", line 170, in close
NameError: name 'contextlib' is not defined
Exception ignored in: <function AIMO3Sandbox.__del__ at 0x7c949a777560>
Traceback (most recent call last):
  File "/tmp/ipykernel_44/1582162930.py", line 198, in __del__
  File "/tmp/ipykernel_44/1582162930.py", line 170, in close
NameError: name 'contextlib' is not defined
Exception ignored in: <function AIMO3Sandbox.__del__ at 0x7c949a777560>
Traceback (most recent call last):
  File "/tmp/ipykernel_44/1582162930.py", line 198, in __del__
  File "/tmp/ipykernel_44/1582162930.py", line 170, in close
NameError: name 'contextlib' is not defined
Exception ignored in: <function AIMO3Sandbox.__del__ at 0x7c949a777560>
Traceback (most recent call last):
  File "/tmp/ipykernel_44/1582162930.py", line 198, in __del__
  File "/tmp/ipykernel_44/1582162930.py", line 170, in close
NameError: name 'contextlib' is not defined
Exception ignored in: <function AIMO3Sandbox.__del__ at 0x7c949a777560>
Traceback (most recent call last):
  File "/tmp/ipykernel_44/1582162930.py", line 198, in __del__
  File "/tmp/ipykernel_44/1582162930.py", line 170, in close
NameError: name 'contextlib' is not defined
Exception ignored in: <function AIMO3Sandbox.__del__ at 0x7c949a777560>
Traceback (most recent call last):
  File "/tmp/ipykernel_44/1582162930.py", line 198, in __del__
  File "/tmp/ipykernel_44/1582162930.py", line 170, in close
NameError: name 'contextlib' is not defined
Exception ignored in: <function AIMO3Sandbox.__del__ at 0x7c949a777560>
Traceback (most recent call last):
  File "/tmp/ipykernel_44/1582162930.py", line 198, in __del__
  File "/tmp/ipykernel_44/1582162930.py", line 170, in close
NameError: name 'contextlib' is not defined
Exception ignored in: <function AIMO3Sandbox.__del__ at 0x7c949a777560>
Traceback (most recent call last):
  File "/tmp/ipykernel_44/1582162930.py", line 198, in __del__
  File "/tmp/ipykernel_44/1582162930.py", line 170, in close
NameError: name 'contextlib' is not defined
Exception ignored in: <function AIMO3Sandbox.__del__ at 0x7c949a777560>
Traceback (most recent call last):
  File "/tmp/ipykernel_44/1582162930.py", line 198, in __del__
  File "/tmp/ipykernel_44/1582162930.py", line 170, in close
NameError: name 'contextlib' is not defined
Exception ignored in: <function AIMO3Sandbox.__del__ at 0x7c949a777560>
Traceback (most recent call last):
  File "/tmp/ipykernel_44/1582162930.py", line 198, in __del__
  File "/tmp/ipykernel_44/1582162930.py", line 170, in close
NameError: name 'contextlib' is not defined
Exception ignored in: <function AIMO3Sandbox.__del__ at 0x7c949a777560>
Traceback (most recent call last):
  File "/tmp/ipykernel_44/1582162930.py", line 198, in __del__
  File "/tmp/ipykernel_44/1582162930.py", line 170, in close
NameError: name 'contextlib' is not defined
Exception ignored in: <function AIMO3Sandbox.__del__ at 0x7c949a777560>
Traceback (most recent call last):
  File "/tmp/ipykernel_44/1582162930.py", line 198, in __del__
  File "/tmp/ipykernel_44/1582162930.py", line 170, in close
NameError: name 'contextlib' is not defined
Exception ignored in: <function AIMO3Sandbox.__del__ at 0x7c949a777560>
Traceback (most recent call last):
  File "/tmp/ipykernel_44/1582162930.py", line 198, in __del__
  File "/tmp/ipykernel_44/1582162930.py", line 170, in close
NameError: name 'contextlib' is not defined
Exception ignored in: <function AIMO3Sandbox.__del__ at 0x7c949a777560>
Traceback (most recent call last):
  File "/tmp/ipykernel_44/1582162930.py", line 198, in __del__
  File "/tmp/ipykernel_44/1582162930.py", line 170, in close
NameError: name 'contextlib' is not defined
Exception ignored in: <function AIMO3Sandbox.__del__ at 0x7c949a777560>
Traceback (most recent call last):
  File "/tmp/ipykernel_44/1582162930.py", line 198, in __del__
  File "/tmp/ipykernel_44/1582162930.py", line 170, in close
NameError: name 'contextlib' is not defined
Exception ignored in: <function AIMO3Sandbox.__del__ at 0x7c949a777560>
Traceback (most recent call last):
  File "/tmp/ipykernel_44/1582162930.py", line 198, in __del__
  File "/tmp/ipykernel_44/1582162930.py", line 170, in close
NameError: name 'contextlib' is not defined
Exception ignored in: <function AIMO3Sandbox.__del__ at 0x7c949a777560>
Traceback (most recent call last):
  File "/tmp/ipykernel_44/1582162930.py", line 198, in __del__
  File "/tmp/ipykernel_44/1582162930.py", line 170, in close
NameError: name 'contextlib' is not defined
Exception ignored in: <function AIMO3Sandbox.__del__ at 0x7c949a777560>
Traceback (most recent call last):
  File "/tmp/ipykernel_44/1582162930.py", line 198, in __del__
  File "/tmp/ipykernel_44/1582162930.py", line 170, in close
NameError: name 'contextlib' is not defined
Exception ignored in: <function AIMO3Sandbox.__del__ at 0x7c949a777560>
Traceback (most recent call last):
  File "/tmp/ipykernel_44/1582162930.py", line 198, in __del__
  File "/tmp/ipykernel_44/1582162930.py", line 170, in close
NameError: name 'contextlib' is not defined
Exception ignored in: <function AIMO3Sandbox.__del__ at 0x7c949a777560>
Traceback (most recent call last):
  File "/tmp/ipykernel_44/1582162930.py", line 198, in __del__
  File "/tmp/ipykernel_44/1582162930.py", line 170, in close
NameError: name 'contextlib' is not defined
Exception ignored in: <function AIMO3Sandbox.__del__ at 0x7c949a777560>
Traceback (most recent call last):
  File "/tmp/ipykernel_44/1582162930.py", line 198, in __del__
  File "/tmp/ipykernel_44/1582162930.py", line 170, in close
NameError: name 'contextlib' is not defined
Exception ignored in: <function AIMO3Sandbox.__del__ at 0x7c949a777560>
Traceback (most recent call last):
  File "/tmp/ipykernel_44/1582162930.py", line 198, in __del__
  File "/tmp/ipykernel_44/1582162930.py", line 170, in close
NameError: name 'contextlib' is not defined
