Exception ignored in: <function AIMO3Sandbox.__del__ at 0x7f7aa11a3740>
Traceback (most recent call last):
  File "/tmp/ipykernel_44/235241606.py", line 218, in __del__
  File "/tmp/ipykernel_44/235241606.py", line 179, in close
NameError: name 'contextlib' is not defined
Exception ignored in: <function AIMO3Sandbox.__del__ at 0x7f7aa11a3740>
Traceback (most recent call last):
  File "/tmp/ipykernel_44/235241606.py", line 218, in __del__
  File "/tmp/ipykernel_44/235241606.py", line 179, in close
NameError: name 'contextlib' is not defined
Exception ignored in: <function AIMO3Sandbox.__del__ at 0x7f7aa11a3740>
Traceback (most recent call last):
  File "/tmp/ipykernel_44/235241606.py", line 218, in __del__
  File "/tmp/ipykernel_44/235241606.py", line 179, in close
NameError: name 'contextlib' is not defined
Exception ignored in: <function AIMO3Sandbox.__del__ at 0x7f7aa11a3740>
Traceback (most recent call last):
  File "/tmp/ipykernel_44/235241606.py", line 218, in __del__
  File "/tmp/ipykernel_44/235241606.py", line 179, in close
NameError: name 'contextlib' is not defined
Exception ignored in: <function AIMO3Sandbox.__del__ at 0x7f7aa11a3740>
Traceback (most recent call last):
  File "/tmp/ipykernel_44/235241606.py", line 218, in __del__
  File "/tmp/ipykernel_44/235241606.py", line 179, in close
NameError: name 'contextlib' is not defined
Exception ignored in: <function AIMO3Sandbox.__del__ at 0x7f7aa11a3740>
Traceback (most recent call last):
  File "/tmp/ipykernel_44/235241606.py", line 218, in __del__
  File "/tmp/ipykernel_44/235241606.py", line 179, in close
NameError: name 'contextlib' is not defined
Exception ignored in: <function AIMO3Sandbox.__del__ at 0x7f7aa11a3740>
Traceback (most recent call last):
  File "/tmp/ipykernel_44/235241606.py", line 218, in __del__
  File "/tmp/ipykernel_44/235241606.py", line 179, in close
NameError: name 'contextlib' is not defined
Exception ignored in: <function AIMO3Sandbox.__del__ at 0x7f7aa11a3740>
Traceback (most recent call last):
  File "/tmp/ipykernel_44/235241606.py", line 218, in __del__
  File "/tmp/ipykernel_44/235241606.py", line 179, in close
NameError: name 'contextlib' is not defined
Exception ignored in: <function AIMO3Sandbox.__del__ at 0x7f7aa11a3740>
Traceback (most recent call last):
  File "/tmp/ipykernel_44/235241606.py", line 218, in __del__
  File "/tmp/ipykernel_44/235241606.py", line 179, in close
NameError: name 'contextlib' is not defined
Exception ignored in: <function AIMO3Sandbox.__del__ at 0x7f7aa11a3740>
Traceback (most recent call last):
  File "/tmp/ipykernel_44/235241606.py", line 218, in __del__
  File "/tmp/ipykernel_44/235241606.py", line 179, in close
NameError: name 'contextlib' is not defined
Exception ignored in: <function AIMO3Sandbox.__del__ at 0x7f7aa11a3740>
Traceback (most recent call last):
  File "/tmp/ipykernel_44/235241606.py", line 218, in __del__
  File "/tmp/ipykernel_44/235241606.py", line 179, in close
NameError: name 'contextlib' is not defined
Exception ignored in: <function AIMO3Sandbox.__del__ at 0x7f7aa11a3740>
Traceback (most recent call last):
  File "/tmp/ipykernel_44/235241606.py", line 218, in __del__
  File "/tmp/ipykernel_44/235241606.py", line 179, in close
NameError: name 'contextlib' is not defined
Exception ignored in: <function AIMO3Sandbox.__del__ at 0x7f7aa11a3740>
Traceback (most recent call last):
  File "/tmp/ipykernel_44/235241606.py", line 218, in __del__
  File "/tmp/ipykernel_44/235241606.py", line 179, in close
NameError: name 'contextlib' is not defined
Exception ignored in: <function AIMO3Sandbox.__del__ at 0x7f7aa11a3740>
Traceback (most recent call last):
  File "/tmp/ipykernel_44/235241606.py", line 218, in __del__
  File "/tmp/ipykernel_44/235241606.py", line 179, in close
NameError: name 'contextlib' is not defined
Exception ignored in: <function AIMO3Sandbox.__del__ at 0x7f7aa11a3740>
Traceback (most recent call last):
  File "/tmp/ipykernel_44/235241606.py", line 218, in __del__
  File "/tmp/ipykernel_44/235241606.py", line 179, in close
NameError: name 'contextlib' is not defined
Exception ignored in: <function AIMO3Sandbox.__del__ at 0x7f7aa11a3740>
Traceback (most recent call last):
  File "/tmp/ipykernel_44/235241606.py", line 218, in __del__
  File "/tmp/ipykernel_44/235241606.py", line 179, in close
NameError: name 'contextlib' is not defined
Exception ignored in: <function AIMO3Sandbox.__del__ at 0x7f7aa11a3740>
Traceback (most recent call last):
  File "/tmp/ipykernel_44/235241606.py", line 218, in __del__
  File "/tmp/ipykernel_44/235241606.py", line 179, in close
NameError: name 'contextlib' is not defined
Exception ignored in: <function AIMO3Sandbox.__del__ at 0x7f7aa11a3740>
Traceback (most recent call last):
  File "/tmp/ipykernel_44/235241606.py", line 218, in __del__
  File "/tmp/ipykernel_44/235241606.py", line 179, in close
NameError: name 'contextlib' is not defined
Exception ignored in: <function AIMO3Sandbox.__del__ at 0x7f7aa11a3740>
Traceback (most recent call last):
  File "/tmp/ipykernel_44/235241606.py", line 218, in __del__
  File "/tmp/ipykernel_44/235241606.py", line 179, in close
NameError: name 'contextlib' is not defined
Exception ignored in: <function AIMO3Sandbox.__del__ at 0x7f7aa11a3740>
Traceback (most recent call last):
  File "/tmp/ipykernel_44/235241606.py", line 218, in __del__
  File "/tmp/ipykernel_44/235241606.py", line 179, in close
NameError: name 'contextlib' is not defined
Exception ignored in: <function AIMO3Sandbox.__del__ at 0x7f7aa11a3740>
Traceback (most recent call last):
  File "/tmp/ipykernel_44/235241606.py", line 218, in __del__
  File "/tmp/ipykernel_44/235241606.py", line 179, in close
NameError: name 'contextlib' is not defined
Exception ignored in: <function AIMO3Sandbox.__del__ at 0x7f7aa11a3740>
Traceback (most recent call last):
  File "/tmp/ipykernel_44/235241606.py", line 218, in __del__
  File "/tmp/ipykernel_44/235241606.py", line 179, in close
NameError: name 'contextlib' is not defined
Exception ignored in: <function AIMO3Sandbox.__del__ at 0x7f7aa11a3740>
Traceback (most recent call last):
  File "/tmp/ipykernel_44/235241606.py", line 218, in __del__
  File "/tmp/ipykernel_44/235241606.py", line 179, in close
NameError: name 'contextlib' is not defined
Exception ignored in: <function AIMO3Sandbox.__del__ at 0x7f7aa11a3740>
Traceback (most recent call last):
  File "/tmp/ipykernel_44/235241606.py", line 218, in __del__
  File "/tmp/ipykernel_44/235241606.py", line 179, in close
NameError: name 'contextlib' is not defined
